WHEN_WRB IT_PRP 'S_VBZ TIME_NN FOR_IN THEIR_PRP$ BIANNUAL_JJ POWWOW_NN ,_, THE_DT NATION_NN S_POS MANUFACTURING_VBG TITANS_NNS TYPICALLY_RB JET_VBP OFF_RP TO_TO THE_DT SUNNY_JJ CONFINES_NNS OF_IN RESORT_NN TOWNS_NNS LIKE_IN BOCA_NNP RATON_NNP AND_CC HOT_NNP SPRINGS_NNP ._. NOT_RB THIS_DT YEAR_NN ._. THE_DT NATIONAL_NNP ASSOCIATION_NNP OF_IN MANUFACTURERS_NNP SETTLED_VBD ON_IN THE_DT HOOSIER_NNP CAPITAL_NN OF_IN INDIANAPOLIS_NNP FOR_IN ITS_PRP$ FALL_NN BOARD_NN MEETING_NN ._. AND_CC THE_DT CITY_NN DECIDED_VBD TO_TO TREAT_VB ITS_PRP$ GUESTS_NNS MORE_JJR LIKE_IN ROYALTY_NN OR_CC ROCK_NN STARS_NNS THAN_IN FACTORY_NN OWNERS_NNS ._. THE_DT IDEA_NN ,_, OF_IN COURSE_NN :_: TO_TO PROVE_VB TO_TO 125_CD CORPORATE_JJ DECISION_NN MAKERS_NNS THAT_IN THE_DT BUCKLE_NN ON_IN THE_DT RUST_NNP BELT_NNP IS_VBZ N'T_RB SO_RB RUSTY_JJ AFTER_IN ALL_DT ,_, THAT_IN IT_PRP 'S_VBZ A_DT GOOD_JJ PLACE_NN FOR_IN A_DT COMPANY_NN TO_TO EXPAND_VB ._.
